---
source: lib/src/custom_resources/secrets.rs
expression: secret.labels()
---
SECRET_STORE: ame

