---
source: cli/tests/cli.rs
expression: "&String::from_utf8(output.get_output().stdout.clone())?"
---
‚†ã Creating project source‚†ô Creating project source‚†π Creating project source‚†∏ Creating project source‚†º Creating project source‚†¥ Creating project source‚†¶ Creating project source‚†ß Creating project source[2K  Created project source
‚†ã Creating projects from source‚†ô Creating projects from source‚†π Creating projects from source‚†∏ Creating projects from source‚†º Creating projects from source‚†¥ Creating projects from source‚†¶ Creating projects from source‚†ß Creating projects from source‚†á Creating projects from source‚†è Creating projects from source‚†ã Creating projects from source‚†ô Creating projects from source‚†π Creating projects from source‚†∏ Creating projects from source‚†º Creating projects from source‚†¥ Creating projects from source‚†¶ Creating projects from source‚†ß Creating projects from source‚†á Creating projects from source‚†è Creating projects from source‚†ã Creating projects from source‚†ô Creating projects from source‚†π Creating projects from source‚†∏ Creating projects from source‚†º Creating projects from source‚†¥ Creating projects from source‚†¶ Creating projects from source‚†ß Creating projects from source‚†á Creating projects from source‚†è Creating projects from source‚†ã Creating projects from source‚†ô Creating projects from source‚†π Creating projects from source‚†∏ Creating projects from source‚†º Creating projects from source‚†¥ Creating projects from source‚†¶ Creating projects from source‚†ß Creating projects from source‚†á Creating projects from source‚†è Creating projects from source‚†ã Creating projects from source‚†ô Creating projects from source‚†π Creating projects from source‚†∏ Creating projects from source‚†º Creating projects from source‚†¥ Creating projects from source‚†¶ Creating projects from source‚†ß Creating projects from source‚†á Creating projects from source‚†è Creating projects from source‚†ã Creating projects from source‚†ô Creating projects from source‚†π Creating projects from source‚†∏ Creating projects from source‚†º Creating projects from source‚†¥ Creating projects from source‚†¶ Creating projects from source‚†ß Creating projects from source‚†á Creating projects from source‚†è Creating projects from source‚†ã Creating projects from source‚†ô Creating projects from source‚†π Creating projects from source‚†∏ Creating projects from source[2K  Created projects from source

