---
source: cli/tests/cli.rs
expression: "&String::from_utf8(res.get_output().stderr.clone())?"
---
Error: Could not read ame.yaml, are you in an AME project?

Caused by:
    No such file or directory (os error 2)

