---
source: cli/tests/cli.rs
expression: "&String::from_utf8(res.get_output().stderr.clone())?"
---
Error: Could not parse ame.yaml :(

Caused by:
    name: invalid type: sequence, expected a string at line 1 column 7

