---
source: cli/tests/cli.rs
expression: "&String::from_utf8(output.get_output().stdout.clone())?"
---
â ‹ Creating project sourceâ ™ Creating project sourceâ ¹ Creating project sourceâ ¸ Creating project source[2K  Failed to create project source with reason: failed to synchronize: libgit2 produce an error: remote authentication required but no callback set; class=Http (34); code=Auth (-16)

