---
source: ame-cli/tests/cli.rs
expression: "&String::from_utf8(res.get_output().stdout.clone())?"
---
uploaded project!
Warning: the environment variable LANG is not set!
We recommend setting this in ~/.profile (or equivalent) for proper expected behavior.
Creating a virtualenv for this project...
Pipfile: /project/Pipfile
Using /usr/bin/python3.8 (3.8.10) to create virtualenv...
created virtual environment "redacted"
  creator CPython3Posix(dest=/home/ame/.local/share/virtualenvs/project-OdyMjCZJ, clear=False, no_vcs_ignore=False, global=False)
  seeder FromAppData(download=False, pip=bundle, setuptools=bundle, wheel=bundle, via=copy, app_data_dir=/home/ame/.local/share/virtualenv)
    added seed packages: pip==22.3.1, setuptools==65.6.3, wheel==0.38.4
  activators BashActivator,CShellActivator,FishActivator,NushellActivator,PowerShellActivator,PythonActivator

âœ” Successfully created virtual environment!
Virtualenv location: /home/ame/.local/share/virtualenvs/project-OdyMjCZJ
Installing dependencies from Pipfile.lock (16c839)...
To activate this project's virtualenv, run pipenv shell.
Alternatively, run a command inside the virtualenv with pipenv run.
All dependencies are now up-to-date!
myoutput

