---
source: controller/src/secrets.rs
expression: secret.labels()
---
SECRET_STORE: ame

